true
1.
1. 
5.
hey
false
nil
joe
true
bill
2.
nil
nil
nil
nil
nil
jane
nil
true
1.
3.
world
