Unkown token: `$`
Unkown token: `%`
Unkown token: `#`
