Forbidden shadowing of variable `a` in the same scope
