2:1:Missing closing quote, no more tokens for string: `abc;
