Cannot return outside of a function body. Returning: `(Literal (Number 1) 1)`
