then
1 is smaller than 2
1 is smaller of equal than 1
nil is falsey
hello
world
joe
jane
